// Jest Snapshot v1, https://goo.gl/fbAQLP

exports[`Given Footer component is mounted should render self without crashing 1`] = `
ShallowWrapper {
  "length": 1,
  Symbol(enzyme.__root__): [Circular],
  Symbol(enzyme.__unrendered__): <Footer />,
  Symbol(enzyme.__renderer__): Object {
    "batchedUpdates": [Function],
    "getNode": [Function],
    "render": [Function],
    "simulateEvent": [Function],
    "unmount": [Function],
  },
  Symbol(enzyme.__node__): Object {
    "instance": null,
    "key": undefined,
    "nodeType": "host",
    "props": Object {
      "children": Array [
        <div
          className="divider"
        />,
        <ul
          className="right"
        >
          <li>
            <a>
              <i
                className="fa fa-google-plus"
              />
            </a>
          </li>
          <li>
            <a
              href="https://github.com/dinobi/Bootcamp-LOS-24-POSTIT"
            >
              <i
                className="fa fa-github"
              />
            </a>
          </li>
          <li>
            <a>
              <i
                className="fa fa-facebook"
              />
            </a>
          </li>
          <li>
            <a>
              <i
                className="fa fa-twitter"
              />
            </a>
          </li>
        </ul>,
        <div
          className="copyright left"
        >
          <small>
            ©Bootcamp24, Andela Nigeria. All rights reserved.
          </small>
        </div>,
      ],
      "className": "container page-footer",
    },
    "ref": null,
    "rendered": Array [
      Object {
        "instance": null,
        "key": undefined,
        "nodeType": "host",
        "props": Object {
          "className": "divider",
        },
        "ref": null,
        "rendered": null,
        "type": "div",
      },
      Object {
        "instance": null,
        "key": undefined,
        "nodeType": "host",
        "props": Object {
          "children": Array [
            <li>
              <a>
                <i
                  className="fa fa-google-plus"
                />
              </a>
            </li>,
            <li>
              <a
                href="https://github.com/dinobi/Bootcamp-LOS-24-POSTIT"
              >
                <i
                  className="fa fa-github"
                />
              </a>
            </li>,
            <li>
              <a>
                <i
                  className="fa fa-facebook"
                />
              </a>
            </li>,
            <li>
              <a>
                <i
                  className="fa fa-twitter"
                />
              </a>
            </li>,
          ],
          "className": "right",
        },
        "ref": null,
        "rendered": Array [
          Object {
            "instance": null,
            "key": undefined,
            "nodeType": "host",
            "props": Object {
              "children": <a>
                <i
                  className="fa fa-google-plus"
                />
              </a>,
            },
            "ref": null,
            "rendered": Object {
              "instance": null,
              "key": undefined,
              "nodeType": "host",
              "props": Object {
                "children": <i
                  className="fa fa-google-plus"
                />,
              },
              "ref": null,
              "rendered": Object {
                "instance": null,
                "key": undefined,
                "nodeType": "host",
                "props": Object {
                  "className": "fa fa-google-plus",
                },
                "ref": null,
                "rendered": null,
                "type": "i",
              },
              "type": "a",
            },
            "type": "li",
          },
          Object {
            "instance": null,
            "key": undefined,
            "nodeType": "host",
            "props": Object {
              "children": <a
                href="https://github.com/dinobi/Bootcamp-LOS-24-POSTIT"
              >
                <i
                  className="fa fa-github"
                />
              </a>,
            },
            "ref": null,
            "rendered": Object {
              "instance": null,
              "key": undefined,
              "nodeType": "host",
              "props": Object {
                "children": <i
                  className="fa fa-github"
                />,
                "href": "https://github.com/dinobi/Bootcamp-LOS-24-POSTIT",
              },
              "ref": null,
              "rendered": Object {
                "instance": null,
                "key": undefined,
                "nodeType": "host",
                "props": Object {
                  "className": "fa fa-github",
                },
                "ref": null,
                "rendered": null,
                "type": "i",
              },
              "type": "a",
            },
            "type": "li",
          },
          Object {
            "instance": null,
            "key": undefined,
            "nodeType": "host",
            "props": Object {
              "children": <a>
                <i
                  className="fa fa-facebook"
                />
              </a>,
            },
            "ref": null,
            "rendered": Object {
              "instance": null,
              "key": undefined,
              "nodeType": "host",
              "props": Object {
                "children": <i
                  className="fa fa-facebook"
                />,
              },
              "ref": null,
              "rendered": Object {
                "instance": null,
                "key": undefined,
                "nodeType": "host",
                "props": Object {
                  "className": "fa fa-facebook",
                },
                "ref": null,
                "rendered": null,
                "type": "i",
              },
              "type": "a",
            },
            "type": "li",
          },
          Object {
            "instance": null,
            "key": undefined,
            "nodeType": "host",
            "props": Object {
              "children": <a>
                <i
                  className="fa fa-twitter"
                />
              </a>,
            },
            "ref": null,
            "rendered": Object {
              "instance": null,
              "key": undefined,
              "nodeType": "host",
              "props": Object {
                "children": <i
                  className="fa fa-twitter"
                />,
              },
              "ref": null,
              "rendered": Object {
                "instance": null,
                "key": undefined,
                "nodeType": "host",
                "props": Object {
                  "className": "fa fa-twitter",
                },
                "ref": null,
                "rendered": null,
                "type": "i",
              },
              "type": "a",
            },
            "type": "li",
          },
        ],
        "type": "ul",
      },
      Object {
        "instance": null,
        "key": undefined,
        "nodeType": "host",
        "props": Object {
          "children": <small>
            ©Bootcamp24, Andela Nigeria. All rights reserved.
          </small>,
          "className": "copyright left",
        },
        "ref": null,
        "rendered": Object {
          "instance": null,
          "key": undefined,
          "nodeType": "host",
          "props": Object {
            "children": "©Bootcamp24, Andela Nigeria. All rights reserved.",
          },
          "ref": null,
          "rendered": "©Bootcamp24, Andela Nigeria. All rights reserved.",
          "type": "small",
        },
        "type": "div",
      },
    ],
    "type": "footer",
  },
  Symbol(enzyme.__nodes__): Array [
    Object {
      "instance": null,
      "key": undefined,
      "nodeType": "host",
      "props": Object {
        "children": Array [
          <div
            className="divider"
          />,
          <ul
            className="right"
          >
            <li>
              <a>
                <i
                  className="fa fa-google-plus"
                />
              </a>
            </li>
            <li>
              <a
                href="https://github.com/dinobi/Bootcamp-LOS-24-POSTIT"
              >
                <i
                  className="fa fa-github"
                />
              </a>
            </li>
            <li>
              <a>
                <i
                  className="fa fa-facebook"
                />
              </a>
            </li>
            <li>
              <a>
                <i
                  className="fa fa-twitter"
                />
              </a>
            </li>
          </ul>,
          <div
            className="copyright left"
          >
            <small>
              ©Bootcamp24, Andela Nigeria. All rights reserved.
            </small>
          </div>,
        ],
        "className": "container page-footer",
      },
      "ref": null,
      "rendered": Array [
        Object {
          "instance": null,
          "key": undefined,
          "nodeType": "host",
          "props": Object {
            "className": "divider",
          },
          "ref": null,
          "rendered": null,
          "type": "div",
        },
        Object {
          "instance": null,
          "key": undefined,
          "nodeType": "host",
          "props": Object {
            "children": Array [
              <li>
                <a>
                  <i
                    className="fa fa-google-plus"
                  />
                </a>
              </li>,
              <li>
                <a
                  href="https://github.com/dinobi/Bootcamp-LOS-24-POSTIT"
                >
                  <i
                    className="fa fa-github"
                  />
                </a>
              </li>,
              <li>
                <a>
                  <i
                    className="fa fa-facebook"
                  />
                </a>
              </li>,
              <li>
                <a>
                  <i
                    className="fa fa-twitter"
                  />
                </a>
              </li>,
            ],
            "className": "right",
          },
          "ref": null,
          "rendered": Array [
            Object {
              "instance": null,
              "key": undefined,
              "nodeType": "host",
              "props": Object {
                "children": <a>
                  <i
                    className="fa fa-google-plus"
                  />
                </a>,
              },
              "ref": null,
              "rendered": Object {
                "instance": null,
                "key": undefined,
                "nodeType": "host",
                "props": Object {
                  "children": <i
                    className="fa fa-google-plus"
                  />,
                },
                "ref": null,
                "rendered": Object {
                  "instance": null,
                  "key": undefined,
                  "nodeType": "host",
                  "props": Object {
                    "className": "fa fa-google-plus",
                  },
                  "ref": null,
                  "rendered": null,
                  "type": "i",
                },
                "type": "a",
              },
              "type": "li",
            },
            Object {
              "instance": null,
              "key": undefined,
              "nodeType": "host",
              "props": Object {
                "children": <a
                  href="https://github.com/dinobi/Bootcamp-LOS-24-POSTIT"
                >
                  <i
                    className="fa fa-github"
                  />
                </a>,
              },
              "ref": null,
              "rendered": Object {
                "instance": null,
                "key": undefined,
                "nodeType": "host",
                "props": Object {
                  "children": <i
                    className="fa fa-github"
                  />,
                  "href": "https://github.com/dinobi/Bootcamp-LOS-24-POSTIT",
                },
                "ref": null,
                "rendered": Object {
                  "instance": null,
                  "key": undefined,
                  "nodeType": "host",
                  "props": Object {
                    "className": "fa fa-github",
                  },
                  "ref": null,
                  "rendered": null,
                  "type": "i",
                },
                "type": "a",
              },
              "type": "li",
            },
            Object {
              "instance": null,
              "key": undefined,
              "nodeType": "host",
              "props": Object {
                "children": <a>
                  <i
                    className="fa fa-facebook"
                  />
                </a>,
              },
              "ref": null,
              "rendered": Object {
                "instance": null,
                "key": undefined,
                "nodeType": "host",
                "props": Object {
                  "children": <i
                    className="fa fa-facebook"
                  />,
                },
                "ref": null,
                "rendered": Object {
                  "instance": null,
                  "key": undefined,
                  "nodeType": "host",
                  "props": Object {
                    "className": "fa fa-facebook",
                  },
                  "ref": null,
                  "rendered": null,
                  "type": "i",
                },
                "type": "a",
              },
              "type": "li",
            },
            Object {
              "instance": null,
              "key": undefined,
              "nodeType": "host",
              "props": Object {
                "children": <a>
                  <i
                    className="fa fa-twitter"
                  />
                </a>,
              },
              "ref": null,
              "rendered": Object {
                "instance": null,
                "key": undefined,
                "nodeType": "host",
                "props": Object {
                  "children": <i
                    className="fa fa-twitter"
                  />,
                },
                "ref": null,
                "rendered": Object {
                  "instance": null,
                  "key": undefined,
                  "nodeType": "host",
                  "props": Object {
                    "className": "fa fa-twitter",
                  },
                  "ref": null,
                  "rendered": null,
                  "type": "i",
                },
                "type": "a",
              },
              "type": "li",
            },
          ],
          "type": "ul",
        },
        Object {
          "instance": null,
          "key": undefined,
          "nodeType": "host",
          "props": Object {
            "children": <small>
              ©Bootcamp24, Andela Nigeria. All rights reserved.
            </small>,
            "className": "copyright left",
          },
          "ref": null,
          "rendered": Object {
            "instance": null,
            "key": undefined,
            "nodeType": "host",
            "props": Object {
              "children": "©Bootcamp24, Andela Nigeria. All rights reserved.",
            },
            "ref": null,
            "rendered": "©Bootcamp24, Andela Nigeria. All rights reserved.",
            "type": "small",
          },
          "type": "div",
        },
      ],
      "type": "footer",
    },
  ],
  Symbol(enzyme.__options__): Object {
    "adapter": ReactFifteenAdapter {
      "options": Object {
        "supportPrevContextArgumentOfComponentDidUpdate": true,
      },
    },
  },
}
`;
