// Jest Snapshot v1, https://goo.gl/fbAQLP

exports[`Given Footer component is mounted should render self without crashing 1`] = `
ShallowWrapper {
  "length": 1,
  Symbol(enzyme.__root__): [Circular],
  Symbol(enzyme.__unrendered__): <Header />,
  Symbol(enzyme.__renderer__): Object {
    "batchedUpdates": [Function],
    "getNode": [Function],
    "render": [Function],
    "simulateEvent": [Function],
    "unmount": [Function],
  },
  Symbol(enzyme.__node__): Object {
    "instance": null,
    "key": undefined,
    "nodeType": "host",
    "props": Object {
      "children": <nav
        className="amber"
      >
        <div
          className={undefined}
        >
          <a
            className={undefined}
            href="#/"
          >
            <img
              alt="postit-logo"
              src={
                Object {
                  "process": [Function],
                }
              }
            />
          </a>
          <a
            aria-label="mobile-menu"
            className="nav-mobile"
            onClick={undefined}
          >
            <span />
            <span />
            <span />
          </a>
        </div>
        <div
          className="mobile-nav"
        >
          <div
            className="container"
            id="mobile-nav"
          />
        </div>
      </nav>,
      "className": undefined,
    },
    "ref": null,
    "rendered": Object {
      "instance": null,
      "key": undefined,
      "nodeType": "host",
      "props": Object {
        "children": Array [
          <div
            className={undefined}
          >
            <a
              className={undefined}
              href="#/"
            >
              <img
                alt="postit-logo"
                src={
                  Object {
                    "process": [Function],
                  }
                }
              />
            </a>
            <a
              aria-label="mobile-menu"
              className="nav-mobile"
              onClick={undefined}
            >
              <span />
              <span />
              <span />
            </a>
          </div>,
          <div
            className="mobile-nav"
          >
            <div
              className="container"
              id="mobile-nav"
            />
          </div>,
        ],
        "className": "amber",
      },
      "ref": null,
      "rendered": Array [
        Object {
          "instance": null,
          "key": undefined,
          "nodeType": "host",
          "props": Object {
            "children": Array [
              <a
                className={undefined}
                href="#/"
              >
                <img
                  alt="postit-logo"
                  src={
                    Object {
                      "process": [Function],
                    }
                  }
                />
              </a>,
              <a
                aria-label="mobile-menu"
                className="nav-mobile"
                onClick={undefined}
              >
                <span />
                <span />
                <span />
              </a>,
              undefined,
            ],
            "className": undefined,
          },
          "ref": null,
          "rendered": Array [
            Object {
              "instance": null,
              "key": undefined,
              "nodeType": "host",
              "props": Object {
                "children": <img
                  alt="postit-logo"
                  src={
                    Object {
                      "process": [Function],
                    }
                  }
                />,
                "className": undefined,
                "href": "#/",
              },
              "ref": null,
              "rendered": Object {
                "instance": null,
                "key": undefined,
                "nodeType": "host",
                "props": Object {
                  "alt": "postit-logo",
                  "src": Object {
                    "process": [Function],
                  },
                },
                "ref": null,
                "rendered": null,
                "type": "img",
              },
              "type": "a",
            },
            Object {
              "instance": null,
              "key": undefined,
              "nodeType": "host",
              "props": Object {
                "aria-label": "mobile-menu",
                "children": Array [
                  <span />,
                  <span />,
                  <span />,
                ],
                "className": "nav-mobile",
                "onClick": undefined,
              },
              "ref": null,
              "rendered": Array [
                Object {
                  "instance": null,
                  "key": undefined,
                  "nodeType": "host",
                  "props": Object {},
                  "ref": null,
                  "rendered": null,
                  "type": "span",
                },
                Object {
                  "instance": null,
                  "key": undefined,
                  "nodeType": "host",
                  "props": Object {},
                  "ref": null,
                  "rendered": null,
                  "type": "span",
                },
                Object {
                  "instance": null,
                  "key": undefined,
                  "nodeType": "host",
                  "props": Object {},
                  "ref": null,
                  "rendered": null,
                  "type": "span",
                },
              ],
              "type": "a",
            },
            undefined,
          ],
          "type": "div",
        },
        Object {
          "instance": null,
          "key": undefined,
          "nodeType": "host",
          "props": Object {
            "children": <div
              className="container"
              id="mobile-nav"
            />,
            "className": "mobile-nav",
          },
          "ref": null,
          "rendered": Object {
            "instance": null,
            "key": undefined,
            "nodeType": "host",
            "props": Object {
              "className": "container",
              "id": "mobile-nav",
            },
            "ref": null,
            "rendered": null,
            "type": "div",
          },
          "type": "div",
        },
      ],
      "type": "nav",
    },
    "type": "header",
  },
  Symbol(enzyme.__nodes__): Array [
    Object {
      "instance": null,
      "key": undefined,
      "nodeType": "host",
      "props": Object {
        "children": <nav
          className="amber"
        >
          <div
            className={undefined}
          >
            <a
              className={undefined}
              href="#/"
            >
              <img
                alt="postit-logo"
                src={
                  Object {
                    "process": [Function],
                  }
                }
              />
            </a>
            <a
              aria-label="mobile-menu"
              className="nav-mobile"
              onClick={undefined}
            >
              <span />
              <span />
              <span />
            </a>
          </div>
          <div
            className="mobile-nav"
          >
            <div
              className="container"
              id="mobile-nav"
            />
          </div>
        </nav>,
        "className": undefined,
      },
      "ref": null,
      "rendered": Object {
        "instance": null,
        "key": undefined,
        "nodeType": "host",
        "props": Object {
          "children": Array [
            <div
              className={undefined}
            >
              <a
                className={undefined}
                href="#/"
              >
                <img
                  alt="postit-logo"
                  src={
                    Object {
                      "process": [Function],
                    }
                  }
                />
              </a>
              <a
                aria-label="mobile-menu"
                className="nav-mobile"
                onClick={undefined}
              >
                <span />
                <span />
                <span />
              </a>
            </div>,
            <div
              className="mobile-nav"
            >
              <div
                className="container"
                id="mobile-nav"
              />
            </div>,
          ],
          "className": "amber",
        },
        "ref": null,
        "rendered": Array [
          Object {
            "instance": null,
            "key": undefined,
            "nodeType": "host",
            "props": Object {
              "children": Array [
                <a
                  className={undefined}
                  href="#/"
                >
                  <img
                    alt="postit-logo"
                    src={
                      Object {
                        "process": [Function],
                      }
                    }
                  />
                </a>,
                <a
                  aria-label="mobile-menu"
                  className="nav-mobile"
                  onClick={undefined}
                >
                  <span />
                  <span />
                  <span />
                </a>,
                undefined,
              ],
              "className": undefined,
            },
            "ref": null,
            "rendered": Array [
              Object {
                "instance": null,
                "key": undefined,
                "nodeType": "host",
                "props": Object {
                  "children": <img
                    alt="postit-logo"
                    src={
                      Object {
                        "process": [Function],
                      }
                    }
                  />,
                  "className": undefined,
                  "href": "#/",
                },
                "ref": null,
                "rendered": Object {
                  "instance": null,
                  "key": undefined,
                  "nodeType": "host",
                  "props": Object {
                    "alt": "postit-logo",
                    "src": Object {
                      "process": [Function],
                    },
                  },
                  "ref": null,
                  "rendered": null,
                  "type": "img",
                },
                "type": "a",
              },
              Object {
                "instance": null,
                "key": undefined,
                "nodeType": "host",
                "props": Object {
                  "aria-label": "mobile-menu",
                  "children": Array [
                    <span />,
                    <span />,
                    <span />,
                  ],
                  "className": "nav-mobile",
                  "onClick": undefined,
                },
                "ref": null,
                "rendered": Array [
                  Object {
                    "instance": null,
                    "key": undefined,
                    "nodeType": "host",
                    "props": Object {},
                    "ref": null,
                    "rendered": null,
                    "type": "span",
                  },
                  Object {
                    "instance": null,
                    "key": undefined,
                    "nodeType": "host",
                    "props": Object {},
                    "ref": null,
                    "rendered": null,
                    "type": "span",
                  },
                  Object {
                    "instance": null,
                    "key": undefined,
                    "nodeType": "host",
                    "props": Object {},
                    "ref": null,
                    "rendered": null,
                    "type": "span",
                  },
                ],
                "type": "a",
              },
              undefined,
            ],
            "type": "div",
          },
          Object {
            "instance": null,
            "key": undefined,
            "nodeType": "host",
            "props": Object {
              "children": <div
                className="container"
                id="mobile-nav"
              />,
              "className": "mobile-nav",
            },
            "ref": null,
            "rendered": Object {
              "instance": null,
              "key": undefined,
              "nodeType": "host",
              "props": Object {
                "className": "container",
                "id": "mobile-nav",
              },
              "ref": null,
              "rendered": null,
              "type": "div",
            },
            "type": "div",
          },
        ],
        "type": "nav",
      },
      "type": "header",
    },
  ],
  Symbol(enzyme.__options__): Object {
    "adapter": ReactFifteenAdapter {
      "options": Object {
        "supportPrevContextArgumentOfComponentDidUpdate": true,
      },
    },
  },
}
`;
